<html>
<body>
<pre>
<h1>礦ision Build Log</h1>
<h2>Tool Versions:</h2>
IDE-Version: μVision V5.21.1.0
Copyright (C) 2016 ARM Ltd and ARM Germany GmbH. All rights reserved.
License Information: by by, by, LIC=4ZLNN-Y9KQ1-FZDWU-SK889-9SM4G-P6Y7A
 
Tool Versions:
Toolchain:       MDK-ARM Professional  Version: 5.21a
Toolchain Path:  C:\Keil_v5\ARM\ARMCC\Bin
C Compiler:      Armcc.exe V5.06 update 3 (build 300)
Assembler:       Armasm.exe V5.06 update 3 (build 300)
Linker/Locator:  ArmLink.exe V5.06 update 3 (build 300)
Library Manager: ArmAr.exe V5.06 update 3 (build 300)
Hex Converter:   FromElf.exe V5.06 update 3 (build 300)
CPU DLL:         SARMCM3.DLL V5.21a
Dialog DLL:      DARMSTM.DLL V1.66.0.1
Target DLL:      STLink\ST-LINKIII-KEIL_SWO.dll V2.0.18.0
Dialog DLL:      TARMSTM.DLL V1.65.0.0
 
<h2>Project:</h2>
F:\我的项目\黑晶科技\UART_AHRS\code\uart_ahrs0.1\uart_ahrs.uvprojx
Project File Date:  08/24/2018

<h2>Output:</h2>
*** Using Compiler 'V5.06 update 3 (build 300)', folder: 'C:\Keil_v5\ARM\ARMCC\Bin'
Build target 'IMU_AHRS'
assembling startup_stm32f10x_md.s...
compiling core_cm3.c...
compiling system_stm32f10x.c...
compiling delay.c...
compiling IOI2C.c...
compiling HMC5883L.c...
HardWareDriver\HMC5883L\HMC5883L.c(140): warning:  #177-D: variable "temp" was declared but never referenced
  	int16_t temp;
HardWareDriver\HMC5883L\HMC5883L.c: 1 warning, 0 errors
compiling LED.c...
compiling IMU.c...
compiling MPU6050.c...
HardWareDriver\MPU6050\MPU6050.c(225): warning:  #177-D: variable "temp" was declared but never referenced
  	int16_t temp;
HardWareDriver\MPU6050\MPU6050.c: 1 warning, 0 errors
compiling UARTs.c...
compiling eeprom.c...
compiling stm32f10x_it.c...
compiling main.c...
compiling misc.c...
compiling stm32f10x_gpio.c...
compiling stm32f10x_rcc.c...
compiling stm32f10x_tim.c...
compiling stm32f10x_usart.c...
compiling stm32f10x_flash.c...
linking...
Program Size: Code=20600 RO-data=528 RW-data=340 ZI-data=1772  
FromELF: creating hex file...
".\Output\uart_ahrs.axf" - 0 Error(s), 2 Warning(s).

<h2>Software Packages used:</h2>

Package Vendor: ARM
                http://www.keil.com/pack/ARM.CMSIS.4.5.0.pack
                ARM::CMSIS:CORE:4.3.0
                CMSIS (Cortex Microcontroller Software Interface Standard)
   * Component: CORE Version: 4.3.0

<h2>Collection of Component include folders:</h2>
  F:\我的项目\黑晶科技\UART_AHRS\code\uart_ahrs0.1\RTE
  C:\Keil_v5\ARM\PACK\ARM\CMSIS\4.5.0\CMSIS\Include
  C:\Keil_v5\ARM\PACK\Keil\STM32F1xx_DFP\1.1.0\Device\Include

<h2>Collection of Component Files used:</h2>

   * Component: ARM::CMSIS:CORE:4.3.0
Build Time Elapsed:  00:00:06
</pre>
</body>
</html>
